   Compiling synstructure v0.13.2
   Compiling serde_derive v1.0.228
   Compiling zerovec-derive v0.11.2
   Compiling displaydoc v0.2.5
   Compiling zerofrom-derive v0.1.6
   Compiling yoke-derive v0.8.1
   Compiling rand_chacha v0.3.1
   Compiling rand v0.8.5
   Compiling serde v1.0.228
   Compiling zerofrom v0.1.6
   Compiling icu_properties_data v2.1.2
   Compiling icu_normalizer_data v2.1.1
   Compiling stable_deref_trait v1.2.1
   Compiling siphasher v1.0.1
   Compiling zmij v1.0.16
   Compiling phf_shared v0.11.3
   Compiling yoke v0.8.1
   Compiling phf_generator v0.11.3
   Compiling objc2-exception-helper v0.1.1
   Compiling fnv v1.0.7
   Compiling siphasher v0.3.11
   Compiling utf8_iter v1.0.4
   Compiling zerovec v0.11.5
   Compiling getrandom v0.1.16
   Compiling objc2 v0.6.3
   Compiling byteorder v1.5.0
   Compiling bitflags v2.10.0
   Compiling objc2-encode v4.1.0
   Compiling rand_core v0.5.1
   Compiling winnow v0.7.14
   Compiling tinystr v0.8.2
   Compiling typeid v1.0.3
   Compiling syn v1.0.109
   Compiling ident_case v1.0.1
   Compiling strsim v0.11.1
   Compiling serde_json v1.0.149
   Compiling darling_core v0.21.3
   Compiling icu_locale_core v2.1.1
   Compiling toml_parser v1.0.6+spec-1.1.0
   Compiling potential_utf v0.1.4
   Compiling zerotrie v0.2.3
   Compiling phf_macros v0.11.3
   Compiling log v0.4.29
   Compiling erased-serde v0.4.9
   Compiling thiserror v2.0.18
   Compiling toml_writer v1.0.6+spec-1.1.0
   Compiling icu_provider v2.1.1
   Compiling icu_collections v2.1.1
   Compiling darling_macro v0.21.3
   Compiling rand_chacha v0.2.2
   Compiling rand_pcg v0.2.1
   Compiling phf_shared v0.8.0
   Compiling aho-corasick v1.1.4
   Compiling thiserror-impl v2.0.18
